Using pre-set license
Built from '6000.0/release' branch; Version is '6000.0.44f1 (101c91f3a8fb) revision 1055889'; Using compiler version '193933523'; Build Type 'Release'
OS: 'Windows 11  (10.0.26200) 64bit Core' Language: 'en' Physical Memory: 32689 MB
BatchMode: 1, IsHumanControllingUs: 0, StartBugReporterOnCrash: 0, Is64bit: 1, IsPro: 1

COMMAND LINE ARGUMENTS:
C:\Program Files\Unity\Hub\Editor\6000.0.44f1\Editor\Unity.exe
-adb2
-batchMode
-noUpm
-name
AssetImportWorker1
-projectPath
C:/Users/jckzh/source/repos/TraverserProject
-logFile
Logs/AssetImportWorker1.log
-srvPort
53303
-job-worker-count
7
-background-job-worker-count
8
-gc-helper-count
1
Successfully changed project path to: C:/Users/jckzh/source/repos/TraverserProject
C:/Users/jckzh/source/repos/TraverserProject
[UnityMemory] Configuration Parameters - Can be set up in boot.config
    "memorysetup-bucket-allocator-granularity=16"
    "memorysetup-bucket-allocator-bucket-count=8"
    "memorysetup-bucket-allocator-block-size=33554432"
    "memorysetup-bucket-allocator-block-count=8"
    "memorysetup-main-allocator-block-size=16777216"
    "memorysetup-thread-allocator-block-size=16777216"
    "memorysetup-gfx-main-allocator-block-size=16777216"
    "memorysetup-gfx-thread-allocator-block-size=16777216"
    "memorysetup-cache-allocator-block-size=4194304"
    "memorysetup-typetree-allocator-block-size=2097152"
    "memorysetup-profiler-bucket-allocator-granularity=16"
    "memorysetup-profiler-bucket-allocator-bucket-count=8"
    "memorysetup-profiler-bucket-allocator-block-size=33554432"
    "memorysetup-profiler-bucket-allocator-block-count=8"
    "memorysetup-profiler-allocator-block-size=16777216"
    "memorysetup-profiler-editor-allocator-block-size=1048576"
    "memorysetup-temp-allocator-size-main=16777216"
    "memorysetup-job-temp-allocator-block-size=2097152"
    "memorysetup-job-temp-allocator-block-size-background=1048576"
    "memorysetup-job-temp-allocator-reduction-small-platforms=262144"
    "memorysetup-allocator-temp-initial-block-size-main=262144"
    "memorysetup-allocator-temp-initial-block-size-worker=262144"
    "memorysetup-temp-allocator-size-background-worker=32768"
    "memorysetup-temp-allocator-size-job-worker=262144"
    "memorysetup-temp-allocator-size-preload-manager=33554432"
    "memorysetup-temp-allocator-size-nav-mesh-worker=65536"
    "memorysetup-temp-allocator-size-audio-worker=65536"
    "memorysetup-temp-allocator-size-cloud-worker=32768"
    "memorysetup-temp-allocator-size-gi-baking-worker=262144"
    "memorysetup-temp-allocator-size-gi-baking-worker=262144"
    "memorysetup-temp-allocator-size-gi-baking-worker=262144"
    "memorysetup-temp-allocator-size-gi-baking-worker=262144"
    "memorysetup-temp-allocator-size-gi-baking-worker=262144"
    "memorysetup-temp-allocator-size-gfx=262144"
Player connection [23612]  Target information:

Player connection [23612]  * "[IP] 192.168.124.1 [Port] 0 [Flags] 2 [Guid] 3955719032 [EditorId] 3955719032 [Version] 1048832 [Id] WindowsEditor(7,PotatoPC) [Debug] 1 [PackageName] WindowsEditor [ProjectName] Editor" 

Player connection [23612]  * "[IP] 192.168.254.1 [Port] 0 [Flags] 2 [Guid] 3955719032 [EditorId] 3955719032 [Version] 1048832 [Id] WindowsEditor(7,PotatoPC) [Debug] 1 [PackageName] WindowsEditor [ProjectName] Editor" 

Player connection [23612]  * "[IP] 192.168.1.5 [Port] 0 [Flags] 2 [Guid] 3955719032 [EditorId] 3955719032 [Version] 1048832 [Id] WindowsEditor(7,PotatoPC) [Debug] 1 [PackageName] WindowsEditor [ProjectName] Editor" 

Player connection [23612]  * "[IP] 192.168.1.6 [Port] 0 [Flags] 2 [Guid] 3955719032 [EditorId] 3955719032 [Version] 1048832 [Id] WindowsEditor(7,PotatoPC) [Debug] 1 [PackageName] WindowsEditor [ProjectName] Editor" 

Player connection [23612] Host joined multi-casting on [225.0.0.222:54997]...
Player connection [23612] Host joined alternative multi-casting on [225.0.0.222:34997]...
JobSystem: Creating JobQueue using job-worker-count value 7
Input System module state changed to: Initialized.
[Physics::Module] Initialized fallback backend.
[Physics::Module] Id: 0xdecafbad
Library Redirect Path: Library/
[Physics::Module] Selected backend.
[Physics::Module] Name: PhysX
[Physics::Module] Id: 0xf2b8ea05
[Physics::Module] SDK Version: 4.1.2
[Physics::Module] Integration Version: 1.0.0
[Physics::Module] Threading Mode: Multi-Threaded
Refreshing native plugins compatible for Editor in 6.86 ms, found 4 plugins.
Preloading 0 native plugins for Editor in 0.00 ms.
Initialize engine version: 6000.0.44f1 (101c91f3a8fb)
[Subsystems] Discovering subsystems at path C:/Program Files/Unity/Hub/Editor/6000.0.44f1/Editor/Data/Resources/UnitySubsystems
[Subsystems] Discovering subsystems at path C:/Users/jckzh/source/repos/TraverserProject/Assets
GfxDevice: creating device client; kGfxThreadingModeNonThreaded
Direct3D:
    Version:  Direct3D 11.0 [level 11.1]
    Renderer: NVIDIA GeForce RTX 2060 (ID=0x1f08)
    Vendor:   NVIDIA
    VRAM:     5955 MB
    Driver:   32.0.15.9186
Initialize mono
Mono path[0] = 'C:/Program Files/Unity/Hub/Editor/6000.0.44f1/Editor/Data/Managed'
Mono path[1] = 'C:/Program Files/Unity/Hub/Editor/6000.0.44f1/Editor/Data/MonoBleedingEdge/lib/mono/unityjit-win32'
Mono config path = 'C:/Program Files/Unity/Hub/Editor/6000.0.44f1/Editor/Data/MonoBleedingEdge/etc'
Using monoOptions --debugger-agent=transport=dt_socket,embedding=1,server=y,suspend=n,address=127.0.0.1:56324
Begin MonoManager ReloadAssembly
Registering precompiled unity dll's ...
Register platform support module: C:/Program Files/Unity/Hub/Editor/6000.0.44f1/Editor/Data/PlaybackEngines/WindowsStandaloneSupport/UnityEditor.WindowsStandalone.Extensions.dll
Registered in 0.003447 seconds.
- Loaded All Assemblies, in  0.440 seconds
Native extension for WindowsStandalone target not found
Mono: successfully reloaded assembly
- Finished resetting the current domain, in  0.328 seconds
Domain Reload Profiling: 765ms
	BeginReloadAssembly (145ms)
		ExecutionOrderSort (0ms)
		DisableScriptedObjects (0ms)
		BackupInstance (0ms)
		ReleaseScriptingObjects (0ms)
		CreateAndSetChildDomain (1ms)
	RebuildCommonClasses (44ms)
	RebuildNativeTypeToScriptingClass (12ms)
	initialDomainReloadingComplete (61ms)
	LoadAllAssembliesAndSetupDomain (174ms)
		LoadAssemblies (140ms)
		RebuildTransferFunctionScriptingTraits (0ms)
		AnalyzeDomain (170ms)
			TypeCache.Refresh (168ms)
				TypeCache.ScanAssembly (154ms)
			BuildScriptInfoCaches (0ms)
			ResolveRequiredComponents (1ms)
	FinalizeReload (328ms)
		ReleaseScriptCaches (0ms)
		RebuildScriptCaches (0ms)
		SetupLoadedEditorAssemblies (291ms)
			LogAssemblyErrors (0ms)
			InitializePlatformSupportModulesInManaged (29ms)
			SetLoadedEditorAssemblies (4ms)
			BeforeProcessingInitializeOnLoad (56ms)
			ProcessInitializeOnLoadAttributes (147ms)
			ProcessInitializeOnLoadMethodAttributes (55ms)
			AfterProcessingInitializeOnLoad (0ms)
			EditorAssembliesLoaded (0ms)
		ExecutionOrderSort2 (0ms)
		AwakeInstancesAfterBackupRestoration (0ms)
========================================================================
Worker process is ready to serve import requests
Import Worker Mode flag is 0x00
Begin MonoManager ReloadAssembly
- Loaded All Assemblies, in  0.968 seconds
Refreshing native plugins compatible for Editor in 2.65 ms, found 4 plugins.
Native extension for WindowsStandalone target not found
Refreshing native plugins compatible for Editor in 3.52 ms, found 4 plugins.
[MODES] ModeService[none].Initialize
[MODES] ModeService[none].LoadModes
[MODES] Loading mode Default (0) for mode-current-id-TraverserProject
Mono: successfully reloaded assembly
- Finished resetting the current domain, in  1.047 seconds
Domain Reload Profiling: 2005ms
	BeginReloadAssembly (195ms)
		ExecutionOrderSort (0ms)
		DisableScriptedObjects (8ms)
		BackupInstance (0ms)
		ReleaseScriptingObjects (0ms)
		CreateAndSetChildDomain (40ms)
	RebuildCommonClasses (41ms)
	RebuildNativeTypeToScriptingClass (11ms)
	initialDomainReloadingComplete (47ms)
	LoadAllAssembliesAndSetupDomain (665ms)
		LoadAssemblies (432ms)
		RebuildTransferFunctionScriptingTraits (0ms)
		AnalyzeDomain (341ms)
			TypeCache.Refresh (250ms)
				TypeCache.ScanAssembly (230ms)
			BuildScriptInfoCaches (70ms)
			ResolveRequiredComponents (17ms)
	FinalizeReload (1047ms)
		ReleaseScriptCaches (0ms)
		RebuildScriptCaches (0ms)
		SetupLoadedEditorAssemblies (837ms)
			LogAssemblyErrors (0ms)
			InitializePlatformSupportModulesInManaged (3ms)
			SetLoadedEditorAssemblies (5ms)
			BeforeProcessingInitializeOnLoad (161ms)
			ProcessInitializeOnLoadAttributes (500ms)
			ProcessInitializeOnLoadMethodAttributes (160ms)
			AfterProcessingInitializeOnLoad (7ms)
			EditorAssembliesLoaded (0ms)
		ExecutionOrderSort2 (0ms)
		AwakeInstancesAfterBackupRestoration (7ms)
Launched and connected shader compiler UnityShaderCompiler.exe after 0.01 seconds
Refreshing native plugins compatible for Editor in 2.49 ms, found 4 plugins.
Preloading 0 native plugins for Editor in 0.00 ms.
Unloading 303 Unused Serialized files (Serialized files now loaded: 0)
Unloading 7877 unused Assets / (8.0 MB). Loaded Objects now: 8676.
Memory consumption went from 311.9 MB to 303.8 MB.
Total: 10.361100 ms (FindLiveObjects: 0.930000 ms CreateObjectMapping: 0.731800 ms MarkObjects: 5.386400 ms  DeleteObjects: 3.311900 ms)

========================================================================
Received Import Request.
  Time since last request: 98190.263038 seconds.
  path: Assets/Data/Items/Throwables/Firebomb.asset
  artifactKey: Guid(b6d5e52d44593da408fd1cc5c140ccf7) Importer(815301076,1909f56bfc062723c751e8b465ee728b)
Start importing Assets/Data/Items/Throwables/Firebomb.asset using Guid(b6d5e52d44593da408fd1cc5c140ccf7) Importer(815301076,1909f56bfc062723c751e8b465ee728b) (PreviewImporter) -> (artifact id: '037ff1c8ff4c0b23553bd8044bc5fcb4') in 0.0282321 seconds
Number of updated asset objects reloaded before import = 0Number of asset objects unloaded after import = 57

========================================================================
Received Import Request.
  Time since last request: 46.704121 seconds.
  path: Assets/Art/UISprites/Icons/Items/ItemType/AllItems.png
  artifactKey: Guid(7f29c58c83c97494da03138554dfc6db) Importer(815301076,1909f56bfc062723c751e8b465ee728b)
Start importing Assets/Art/UISprites/Icons/Items/ItemType/AllItems.png using Guid(7f29c58c83c97494da03138554dfc6db) Importer(815301076,1909f56bfc062723c751e8b465ee728b) (PreviewImporter) -> (artifact id: '1d54f0ae621ee6946b9d3d23716998e4') in 0.0923918 seconds
Number of updated asset objects reloaded before import = 0Number of asset objects unloaded after import = 3

========================================================================
Received Import Request.
  Time since last request: 0.000019 seconds.
  path: Assets/Data/Imports/JMO Assets/Cartoon FX Remaster/CFXR Assets/Misc/cfxr font AmazGoDaBold.png
  artifactKey: Guid(7ab74e659e1f0a34d9cfec21c478fc12) Importer(815301076,1909f56bfc062723c751e8b465ee728b)
Start importing Assets/Data/Imports/JMO Assets/Cartoon FX Remaster/CFXR Assets/Misc/cfxr font AmazGoDaBold.png using Guid(7ab74e659e1f0a34d9cfec21c478fc12) Importer(815301076,1909f56bfc062723c751e8b465ee728b) (PreviewImporter) -> (artifact id: 'c7556a81eb30d6f447a0732c891832ef') in 0.1975254 seconds
Number of updated asset objects reloaded before import = 0Number of asset objects unloaded after import = 70

========================================================================
Received Import Request.
  Time since last request: 3.073497 seconds.
  path: Assets/Art/UISprites/Icons/Items/ItemType/ArmEquipment.png
  artifactKey: Guid(d4c311c36985af246be9adc2303bfc82) Importer(815301076,1909f56bfc062723c751e8b465ee728b)
Start importing Assets/Art/UISprites/Icons/Items/ItemType/ArmEquipment.png using Guid(d4c311c36985af246be9adc2303bfc82) Importer(815301076,1909f56bfc062723c751e8b465ee728b) (PreviewImporter) -> (artifact id: '497e7a8902c6d905003e74d944cf6ae4') in 0.0168665 seconds
Number of updated asset objects reloaded before import = 0Number of asset objects unloaded after import = 3

========================================================================
Received Import Request.
  Time since last request: 0.020109 seconds.
  path: Assets/Art/UISprites/Icons/Items/Projectiles/Arrow.png
  artifactKey: Guid(ecf78ed70a95aa64d89e6a4a916fbf89) Importer(815301076,1909f56bfc062723c751e8b465ee728b)
Start importing Assets/Art/UISprites/Icons/Items/Projectiles/Arrow.png using Guid(ecf78ed70a95aa64d89e6a4a916fbf89) Importer(815301076,1909f56bfc062723c751e8b465ee728b) (PreviewImporter) -> (artifact id: '10850efe2b5507701f63fc8c35a91fab') in 0.0153073 seconds
Number of updated asset objects reloaded before import = 0Number of asset objects unloaded after import = 3

========================================================================
Received Import Request.
  Time since last request: 0.000026 seconds.
  path: Assets/Art/UISprites/Icons/Items/ItemType/ArrowsAndBolts.png
  artifactKey: Guid(9827f32b999090241a0b324cf9a9842e) Importer(815301076,1909f56bfc062723c751e8b465ee728b)
Start importing Assets/Art/UISprites/Icons/Items/ItemType/ArrowsAndBolts.png using Guid(9827f32b999090241a0b324cf9a9842e) Importer(815301076,1909f56bfc062723c751e8b465ee728b) (PreviewImporter) -> (artifact id: 'f902781af627bd1bb0994b5980064e38') in 0.0162694 seconds
Number of updated asset objects reloaded before import = 0Number of asset objects unloaded after import = 3

========================================================================
Received Import Request.
  Time since last request: 0.000020 seconds.
  path: Assets/Art/UISprites/BlankIcon.png
  artifactKey: Guid(9b3dd6777326d9a478d99ee91e86f924) Importer(815301076,1909f56bfc062723c751e8b465ee728b)
Start importing Assets/Art/UISprites/BlankIcon.png using Guid(9b3dd6777326d9a478d99ee91e86f924) Importer(815301076,1909f56bfc062723c751e8b465ee728b) (PreviewImporter) -> (artifact id: '1e7d4a5a000ddb4f4350e64dadb6890e') in 0.0173481 seconds
Number of updated asset objects reloaded before import = 0Number of asset objects unloaded after import = 3

========================================================================
Received Import Request.
  Time since last request: 0.000024 seconds.
  path: Assets/Data/Imports/JMO Assets/Cartoon FX Remaster/Demo Assets/UI/CFXR Demo Btn Camera.png
  artifactKey: Guid(41bf8b79c5dc7d64aafcc3c68e923096) Importer(815301076,1909f56bfc062723c751e8b465ee728b)
Start importing Assets/Data/Imports/JMO Assets/Cartoon FX Remaster/Demo Assets/UI/CFXR Demo Btn Camera.png using Guid(41bf8b79c5dc7d64aafcc3c68e923096) Importer(815301076,1909f56bfc062723c751e8b465ee728b) (PreviewImporter) -> (artifact id: '195ccd003181f7cc7c0ad440adf7617f') in 0.0146816 seconds
Number of updated asset objects reloaded before import = 0Number of asset objects unloaded after import = 3

========================================================================
Received Import Request.
  Time since last request: 0.000019 seconds.
  path: Assets/Data/Imports/JMO Assets/Cartoon FX Remaster/Demo Assets/UI/CFXR Demo Btn Arrow R.png
  artifactKey: Guid(70ce7a5ab5ec0a54e8289848c8f16534) Importer(815301076,1909f56bfc062723c751e8b465ee728b)
Start importing Assets/Data/Imports/JMO Assets/Cartoon FX Remaster/Demo Assets/UI/CFXR Demo Btn Arrow R.png using Guid(70ce7a5ab5ec0a54e8289848c8f16534) Importer(815301076,1909f56bfc062723c751e8b465ee728b) (PreviewImporter) -> (artifact id: 'd6e3f8aeaa53011bc925f9a71968b241') in 0.0168614 seconds
Number of updated asset objects reloaded before import = 0Number of asset objects unloaded after import = 3

========================================================================
Received Import Request.
  Time since last request: 0.000017 seconds.
  path: Assets/Data/Imports/JMO Assets/Cartoon FX Remaster/Demo Assets/UI/CFXR Demo Btn CameraShake H.png
  artifactKey: Guid(3c125755d5769934fae41fa260070229) Importer(815301076,1909f56bfc062723c751e8b465ee728b)
Start importing Assets/Data/Imports/JMO Assets/Cartoon FX Remaster/Demo Assets/UI/CFXR Demo Btn CameraShake H.png using Guid(3c125755d5769934fae41fa260070229) Importer(815301076,1909f56bfc062723c751e8b465ee728b) (PreviewImporter) -> (artifact id: '44e0bece443fcc8fcd660c7e0bd65c9e') in 0.0193769 seconds
Number of updated asset objects reloaded before import = 0Number of asset objects unloaded after import = 3

========================================================================
Received Import Request.
  Time since last request: 0.000024 seconds.
  path: Assets/Data/Imports/JMO Assets/Cartoon FX Remaster/Demo Assets/UI/CFXR Demo Btn Lights.png
  artifactKey: Guid(33e104ffb9168144ba9ff901fd2e54ae) Importer(815301076,1909f56bfc062723c751e8b465ee728b)
Start importing Assets/Data/Imports/JMO Assets/Cartoon FX Remaster/Demo Assets/UI/CFXR Demo Btn Lights.png using Guid(33e104ffb9168144ba9ff901fd2e54ae) Importer(815301076,1909f56bfc062723c751e8b465ee728b) (PreviewImporter) -> (artifact id: '0c37c4ee84c7bd9865e5409f7d3bee33') in 0.0202722 seconds
Number of updated asset objects reloaded before import = 0Number of asset objects unloaded after import = 3

========================================================================
Received Import Request.
  Time since last request: 0.000023 seconds.
  path: Assets/Data/Imports/JMO Assets/Cartoon FX Remaster/Demo Assets/UI/CFXR Demo Btn Ground H.png
  artifactKey: Guid(338685d7a91449f45a6a95b3756c4750) Importer(815301076,1909f56bfc062723c751e8b465ee728b)
Start importing Assets/Data/Imports/JMO Assets/Cartoon FX Remaster/Demo Assets/UI/CFXR Demo Btn Ground H.png using Guid(338685d7a91449f45a6a95b3756c4750) Importer(815301076,1909f56bfc062723c751e8b465ee728b) (PreviewImporter) -> (artifact id: 'caf2d5368ce3b8e209dadb13d567a8f7') in 0.0229603 seconds
Number of updated asset objects reloaded before import = 0Number of asset objects unloaded after import = 3

========================================================================
Received Import Request.
  Time since last request: 0.000038 seconds.
  path: Assets/Data/Imports/JMO Assets/Cartoon FX Remaster/Demo Assets/UI/CFXR Demo Btn Bloom H.png
  artifactKey: Guid(32700198561e47044863cf80370fe63a) Importer(815301076,1909f56bfc062723c751e8b465ee728b)
Start importing Assets/Data/Imports/JMO Assets/Cartoon FX Remaster/Demo Assets/UI/CFXR Demo Btn Bloom H.png using Guid(32700198561e47044863cf80370fe63a) Importer(815301076,1909f56bfc062723c751e8b465ee728b) (PreviewImporter) -> (artifact id: 'ebaf84327b515089564ad19f5dd8bac1') in 0.0205709 seconds
Number of updated asset objects reloaded before import = 0Number of asset objects unloaded after import = 3

========================================================================
Received Import Request.
  Time since last request: 0.000018 seconds.
  path: Assets/Art/UISprites/Icons/Items/Self Use/Bandage.png
  artifactKey: Guid(2bba489700945a7419a2e586ef93b43b) Importer(815301076,1909f56bfc062723c751e8b465ee728b)
Start importing Assets/Art/UISprites/Icons/Items/Self Use/Bandage.png using Guid(2bba489700945a7419a2e586ef93b43b) Importer(815301076,1909f56bfc062723c751e8b465ee728b) (PreviewImporter) -> (artifact id: 'df6e01a56f8e1c50d816a6892c707431') in 0.0280598 seconds
Number of updated asset objects reloaded before import = 0Number of asset objects unloaded after import = 3

========================================================================
Received Import Request.
  Time since last request: 0.000024 seconds.
  path: Assets/Art/UISprites/Icons/Items/ItemType/AshOfWar.png
  artifactKey: Guid(38e3c02133421cb4da0e53275be6f3e3) Importer(815301076,1909f56bfc062723c751e8b465ee728b)
Start importing Assets/Art/UISprites/Icons/Items/ItemType/AshOfWar.png using Guid(38e3c02133421cb4da0e53275be6f3e3) Importer(815301076,1909f56bfc062723c751e8b465ee728b) (PreviewImporter) -> (artifact id: '0ba5aeea6c3539d6de8df6b1e6c53015') in 0.017745 seconds
Number of updated asset objects reloaded before import = 0Number of asset objects unloaded after import = 3

========================================================================
Received Import Request.
  Time since last request: 0.000017 seconds.
  path: Assets/Art/UISprites/Icons/Items/Weapons/Axe.png
  artifactKey: Guid(1c7f026f2d89bfc4fb10ae7d5d0982aa) Importer(815301076,1909f56bfc062723c751e8b465ee728b)
Start importing Assets/Art/UISprites/Icons/Items/Weapons/Axe.png using Guid(1c7f026f2d89bfc4fb10ae7d5d0982aa) Importer(815301076,1909f56bfc062723c751e8b465ee728b) (PreviewImporter) -> (artifact id: 'a3102a9d4c0b5de2452f9ad7bc52bd25') in 0.0178082 seconds
Number of updated asset objects reloaded before import = 0Number of asset objects unloaded after import = 3

Editor requested this worker to shutdown with reason: Scaling down because of idle timeout
AssetImportWorker is now disconnected from the server
Process exiting
Exiting without the bug reporter. Application will terminate with return code 0