Using pre-set license
Built from '6000.0/release' branch; Version is '6000.0.44f1 (101c91f3a8fb) revision 1055889'; Using compiler version '193933523'; Build Type 'Release'
OS: 'Windows 11  (10.0.26100) 64bit Core' Language: 'en' Physical Memory: 32689 MB
BatchMode: 1, IsHumanControllingUs: 0, StartBugReporterOnCrash: 0, Is64bit: 1, IsPro: 1

COMMAND LINE ARGUMENTS:
C:\Program Files\Unity\Hub\Editor\6000.0.44f1\Editor\Unity.exe
-adb2
-batchMode
-noUpm
-name
AssetImportWorker2
-projectPath
C:/Users/jckzh/source/repos/TraverserProject
-logFile
Logs/AssetImportWorker2.log
-srvPort
51592
-job-worker-count
7
-background-job-worker-count
8
-gc-helper-count
1
Successfully changed project path to: C:/Users/jckzh/source/repos/TraverserProject
C:/Users/jckzh/source/repos/TraverserProject
[UnityMemory] Configuration Parameters - Can be set up in boot.config
    "memorysetup-bucket-allocator-granularity=16"
    "memorysetup-bucket-allocator-bucket-count=8"
    "memorysetup-bucket-allocator-block-size=33554432"
    "memorysetup-bucket-allocator-block-count=8"
    "memorysetup-main-allocator-block-size=16777216"
    "memorysetup-thread-allocator-block-size=16777216"
    "memorysetup-gfx-main-allocator-block-size=16777216"
    "memorysetup-gfx-thread-allocator-block-size=16777216"
    "memorysetup-cache-allocator-block-size=4194304"
    "memorysetup-typetree-allocator-block-size=2097152"
    "memorysetup-profiler-bucket-allocator-granularity=16"
    "memorysetup-profiler-bucket-allocator-bucket-count=8"
    "memorysetup-profiler-bucket-allocator-block-size=33554432"
    "memorysetup-profiler-bucket-allocator-block-count=8"
    "memorysetup-profiler-allocator-block-size=16777216"
    "memorysetup-profiler-editor-allocator-block-size=1048576"
    "memorysetup-temp-allocator-size-main=16777216"
    "memorysetup-job-temp-allocator-block-size=2097152"
    "memorysetup-job-temp-allocator-block-size-background=1048576"
    "memorysetup-job-temp-allocator-reduction-small-platforms=262144"
    "memorysetup-allocator-temp-initial-block-size-main=262144"
    "memorysetup-allocator-temp-initial-block-size-worker=262144"
    "memorysetup-temp-allocator-size-background-worker=32768"
    "memorysetup-temp-allocator-size-job-worker=262144"
    "memorysetup-temp-allocator-size-preload-manager=33554432"
    "memorysetup-temp-allocator-size-nav-mesh-worker=65536"
    "memorysetup-temp-allocator-size-audio-worker=65536"
    "memorysetup-temp-allocator-size-cloud-worker=32768"
    "memorysetup-temp-allocator-size-gi-baking-worker=262144"
    "memorysetup-temp-allocator-size-gi-baking-worker=262144"
    "memorysetup-temp-allocator-size-gi-baking-worker=262144"
    "memorysetup-temp-allocator-size-gi-baking-worker=262144"
    "memorysetup-temp-allocator-size-gi-baking-worker=262144"
    "memorysetup-temp-allocator-size-gfx=262144"
Player connection [27152]  Target information:

Player connection [27152]  * "[IP] 192.168.124.1 [Port] 0 [Flags] 2 [Guid] 1995800025 [EditorId] 1995800025 [Version] 1048832 [Id] WindowsEditor(7,PotatoPC) [Debug] 1 [PackageName] WindowsEditor [ProjectName] Editor" 

Player connection [27152]  * "[IP] 192.168.254.1 [Port] 0 [Flags] 2 [Guid] 1995800025 [EditorId] 1995800025 [Version] 1048832 [Id] WindowsEditor(7,PotatoPC) [Debug] 1 [PackageName] WindowsEditor [ProjectName] Editor" 

Player connection [27152]  * "[IP] 192.168.1.14 [Port] 0 [Flags] 2 [Guid] 1995800025 [EditorId] 1995800025 [Version] 1048832 [Id] WindowsEditor(7,PotatoPC) [Debug] 1 [PackageName] WindowsEditor [ProjectName] Editor" 

Player connection [27152]  * "[IP] 192.168.1.12 [Port] 0 [Flags] 2 [Guid] 1995800025 [EditorId] 1995800025 [Version] 1048832 [Id] WindowsEditor(7,PotatoPC) [Debug] 1 [PackageName] WindowsEditor [ProjectName] Editor" 

Player connection [27152] Host joined multi-casting on [225.0.0.222:54997]...
Player connection [27152] Host joined alternative multi-casting on [225.0.0.222:34997]...
JobSystem: Creating JobQueue using job-worker-count value 7
Input System module state changed to: Initialized.
[Physics::Module] Initialized fallback backend.
[Physics::Module] Id: 0xdecafbad
Library Redirect Path: Library/
[Physics::Module] Selected backend.
[Physics::Module] Name: PhysX
[Physics::Module] Id: 0xf2b8ea05
[Physics::Module] SDK Version: 4.1.2
[Physics::Module] Integration Version: 1.0.0
[Physics::Module] Threading Mode: Multi-Threaded
Refreshing native plugins compatible for Editor in 5.57 ms, found 4 plugins.
Preloading 0 native plugins for Editor in 0.00 ms.
Initialize engine version: 6000.0.44f1 (101c91f3a8fb)
[Subsystems] Discovering subsystems at path C:/Program Files/Unity/Hub/Editor/6000.0.44f1/Editor/Data/Resources/UnitySubsystems
[Subsystems] Discovering subsystems at path C:/Users/jckzh/source/repos/TraverserProject/Assets
GfxDevice: creating device client; kGfxThreadingModeNonThreaded
Direct3D:
    Version:  Direct3D 11.0 [level 11.1]
    Renderer: NVIDIA GeForce RTX 2060 (ID=0x1f08)
    Vendor:   NVIDIA
    VRAM:     5955 MB
    Driver:   32.0.15.8157
Initialize mono
Mono path[0] = 'C:/Program Files/Unity/Hub/Editor/6000.0.44f1/Editor/Data/Managed'
Mono path[1] = 'C:/Program Files/Unity/Hub/Editor/6000.0.44f1/Editor/Data/MonoBleedingEdge/lib/mono/unityjit-win32'
Mono config path = 'C:/Program Files/Unity/Hub/Editor/6000.0.44f1/Editor/Data/MonoBleedingEdge/etc'
Using monoOptions --debugger-agent=transport=dt_socket,embedding=1,server=y,suspend=n,address=127.0.0.1:56972
Begin MonoManager ReloadAssembly
Registering precompiled unity dll's ...
Register platform support module: C:/Program Files/Unity/Hub/Editor/6000.0.44f1/Editor/Data/PlaybackEngines/WindowsStandaloneSupport/UnityEditor.WindowsStandalone.Extensions.dll
Registered in 0.178882 seconds.
- Loaded All Assemblies, in 10.841 seconds
Native extension for WindowsStandalone target not found
Mono: successfully reloaded assembly
- Finished resetting the current domain, in  0.630 seconds
Domain Reload Profiling: 11464ms
	BeginReloadAssembly (9904ms)
		ExecutionOrderSort (0ms)
		DisableScriptedObjects (0ms)
		BackupInstance (0ms)
		ReleaseScriptingObjects (0ms)
		CreateAndSetChildDomain (1ms)
	RebuildCommonClasses (68ms)
	RebuildNativeTypeToScriptingClass (17ms)
	initialDomainReloadingComplete (270ms)
	LoadAllAssembliesAndSetupDomain (576ms)
		LoadAssemblies (9901ms)
		RebuildTransferFunctionScriptingTraits (0ms)
		AnalyzeDomain (569ms)
			TypeCache.Refresh (566ms)
				TypeCache.ScanAssembly (541ms)
			BuildScriptInfoCaches (0ms)
			ResolveRequiredComponents (1ms)
	FinalizeReload (630ms)
		ReleaseScriptCaches (0ms)
		RebuildScriptCaches (0ms)
		SetupLoadedEditorAssemblies (510ms)
			LogAssemblyErrors (0ms)
			InitializePlatformSupportModulesInManaged (40ms)
			SetLoadedEditorAssemblies (8ms)
			BeforeProcessingInitializeOnLoad (86ms)
			ProcessInitializeOnLoadAttributes (270ms)
			ProcessInitializeOnLoadMethodAttributes (106ms)
			AfterProcessingInitializeOnLoad (0ms)
			EditorAssembliesLoaded (0ms)
		ExecutionOrderSort2 (0ms)
		AwakeInstancesAfterBackupRestoration (0ms)
========================================================================
Worker process is ready to serve import requests
Import Worker Mode flag is 0x00
Begin MonoManager ReloadAssembly
- Loaded All Assemblies, in  1.619 seconds
Refreshing native plugins compatible for Editor in 4.63 ms, found 4 plugins.
Native extension for WindowsStandalone target not found
Refreshing native plugins compatible for Editor in 5.07 ms, found 4 plugins.
[MODES] ModeService[none].Initialize
[MODES] ModeService[none].LoadModes
[MODES] Loading mode Default (0) for mode-current-id-TraverserProject
Mono: successfully reloaded assembly
- Finished resetting the current domain, in  1.654 seconds
Domain Reload Profiling: 3262ms
	BeginReloadAssembly (257ms)
		ExecutionOrderSort (0ms)
		DisableScriptedObjects (10ms)
		BackupInstance (0ms)
		ReleaseScriptingObjects (0ms)
		CreateAndSetChildDomain (51ms)
	RebuildCommonClasses (54ms)
	RebuildNativeTypeToScriptingClass (17ms)
	initialDomainReloadingComplete (65ms)
	LoadAllAssembliesAndSetupDomain (1214ms)
		LoadAssemblies (877ms)
		RebuildTransferFunctionScriptingTraits (0ms)
		AnalyzeDomain (486ms)
			TypeCache.Refresh (356ms)
				TypeCache.ScanAssembly (323ms)
			BuildScriptInfoCaches (107ms)
			ResolveRequiredComponents (18ms)
	FinalizeReload (1654ms)
		ReleaseScriptCaches (0ms)
		RebuildScriptCaches (0ms)
		SetupLoadedEditorAssemblies (1304ms)
			LogAssemblyErrors (0ms)
			InitializePlatformSupportModulesInManaged (3ms)
			SetLoadedEditorAssemblies (6ms)
			BeforeProcessingInitializeOnLoad (194ms)
			ProcessInitializeOnLoadAttributes (848ms)
			ProcessInitializeOnLoadMethodAttributes (239ms)
			AfterProcessingInitializeOnLoad (13ms)
			EditorAssembliesLoaded (0ms)
		ExecutionOrderSort2 (0ms)
		AwakeInstancesAfterBackupRestoration (9ms)
Launched and connected shader compiler UnityShaderCompiler.exe after 0.02 seconds
Refreshing native plugins compatible for Editor in 3.93 ms, found 4 plugins.
Preloading 0 native plugins for Editor in 0.00 ms.
Unloading 318 Unused Serialized files (Serialized files now loaded: 0)
Unloading 7791 unused Assets / (8.0 MB). Loaded Objects now: 8600.
Memory consumption went from 318.6 MB to 310.6 MB.
Total: 24.121200 ms (FindLiveObjects: 2.074500 ms CreateObjectMapping: 2.849900 ms MarkObjects: 11.306400 ms  DeleteObjects: 7.887900 ms)

========================================================================
Received Import Request.
  Time since last request: 33742.452779 seconds.
  path: Assets/Data/Imports/VanillaLoopStudio/FreeSampleAnimationSet/Documentation
  artifactKey: Guid(8d5185ed7e11dc94f9d1fe7d11093eaa) Importer(815301076,1909f56bfc062723c751e8b465ee728b)
Start importing Assets/Data/Imports/VanillaLoopStudio/FreeSampleAnimationSet/Documentation using Guid(8d5185ed7e11dc94f9d1fe7d11093eaa) Importer(815301076,1909f56bfc062723c751e8b465ee728b) (PreviewImporter) -> (artifact id: 'a9d679cf304c5c6710cafe80ccd20152') in 0.0114026 seconds
Number of updated asset objects reloaded before import = 0Number of asset objects unloaded after import = 0

========================================================================
Received Import Request.
  Time since last request: 0.000025 seconds.
  path: Assets/Data/Imports/VanillaLoopStudio
  artifactKey: Guid(6749c204f2cdcdc4f8cb88bb0d21ecdb) Importer(815301076,1909f56bfc062723c751e8b465ee728b)
Start importing Assets/Data/Imports/VanillaLoopStudio using Guid(6749c204f2cdcdc4f8cb88bb0d21ecdb) Importer(815301076,1909f56bfc062723c751e8b465ee728b) (PreviewImporter) -> (artifact id: '48eb27cdb0cd8e566a2474967fd0fb40') in 0.0006554 seconds
Number of updated asset objects reloaded before import = 0Number of asset objects unloaded after import = 0

========================================================================
Received Import Request.
  Time since last request: 18.872009 seconds.
  path: Assets/Data/Imports/VanillaLoopStudio/FreeSampleAnimationSet/Art/Animations
  artifactKey: Guid(ef738d0b2ea200d4f9ac00eabd5cc2a3) Importer(815301076,1909f56bfc062723c751e8b465ee728b)
Start importing Assets/Data/Imports/VanillaLoopStudio/FreeSampleAnimationSet/Art/Animations using Guid(ef738d0b2ea200d4f9ac00eabd5cc2a3) Importer(815301076,1909f56bfc062723c751e8b465ee728b) (PreviewImporter) -> (artifact id: 'bdecc688d684c2b01c5579d85f8f85bc') in 0.0008853 seconds
Number of updated asset objects reloaded before import = 0Number of asset objects unloaded after import = 0

========================================================================
Received Import Request.
  Time since last request: 1.248550 seconds.
  path: Assets/Data/Imports/VanillaLoopStudio/FreeSampleAnimationSet/Art/Animations/LadderSet
  artifactKey: Guid(c71116792270af146bafdb68554699b8) Importer(815301076,1909f56bfc062723c751e8b465ee728b)
Start importing Assets/Data/Imports/VanillaLoopStudio/FreeSampleAnimationSet/Art/Animations/LadderSet using Guid(c71116792270af146bafdb68554699b8) Importer(815301076,1909f56bfc062723c751e8b465ee728b) (PreviewImporter) -> (artifact id: 'a13402d670011c66303b77f599693a3c') in 0.000627 seconds
Number of updated asset objects reloaded before import = 0Number of asset objects unloaded after import = 0

========================================================================
Received Import Request.
  Time since last request: 0.807960 seconds.
  path: Assets/Data/Imports/VanillaLoopStudio/FreeSampleAnimationSet/Art/Animations/LadderSet/Mannequin
  artifactKey: Guid(f87c0496296130e4999dde2ffa8b2ef2) Importer(815301076,1909f56bfc062723c751e8b465ee728b)
Start importing Assets/Data/Imports/VanillaLoopStudio/FreeSampleAnimationSet/Art/Animations/LadderSet/Mannequin using Guid(f87c0496296130e4999dde2ffa8b2ef2) Importer(815301076,1909f56bfc062723c751e8b465ee728b) (PreviewImporter) -> (artifact id: '5a68ab4f3c5592bddbfcf4f51d13f1ae') in 0.0008002 seconds
Number of updated asset objects reloaded before import = 0Number of asset objects unloaded after import = 0

========================================================================
Received Import Request.
  Time since last request: 0.523632 seconds.
  path: Assets/Data/Imports/VanillaLoopStudio/FreeSampleAnimationSet/Art/Animations/LadderSet/Mannequin/RootMotion
  artifactKey: Guid(735acb189639ee641b55d4826452e22d) Importer(815301076,1909f56bfc062723c751e8b465ee728b)
Start importing Assets/Data/Imports/VanillaLoopStudio/FreeSampleAnimationSet/Art/Animations/LadderSet/Mannequin/RootMotion using Guid(735acb189639ee641b55d4826452e22d) Importer(815301076,1909f56bfc062723c751e8b465ee728b) (PreviewImporter) -> (artifact id: 'df37af908d32d6856ecfc49ab4efb772') in 0.0007349 seconds
Number of updated asset objects reloaded before import = 0Number of asset objects unloaded after import = 0

========================================================================
Received Import Request.
  Time since last request: 0.718702 seconds.
  path: Assets/Data/Imports/VanillaLoopStudio/FreeSampleAnimationSet/Art/Animations/LadderSet/Mannequin/RootMotion/A_Ladder_Up_Loop.fbx
  artifactKey: Guid(a14a366bd963abc458814455305cd1b9) Importer(815301076,1909f56bfc062723c751e8b465ee728b)
Start importing Assets/Data/Imports/VanillaLoopStudio/FreeSampleAnimationSet/Art/Animations/LadderSet/Mannequin/RootMotion/A_Ladder_Up_Loop.fbx using Guid(a14a366bd963abc458814455305cd1b9) Importer(815301076,1909f56bfc062723c751e8b465ee728b) (PreviewImporter) -> (artifact id: 'f3f832d8514d8be96b7e5901e16ba2d9') in 0.0388537 seconds
Number of updated asset objects reloaded before import = 0Number of asset objects unloaded after import = 325

========================================================================
Received Import Request.
  Time since last request: 2306.886144 seconds.
  path: Assets/Data/Imports/VanillaLoopStudio/FreeSampleAnimationSet/Art/Animations/SurvivalSet
  artifactKey: Guid(8c349f2a1a0dbcf49ab713b5275210ed) Importer(815301076,1909f56bfc062723c751e8b465ee728b)
Start importing Assets/Data/Imports/VanillaLoopStudio/FreeSampleAnimationSet/Art/Animations/SurvivalSet using Guid(8c349f2a1a0dbcf49ab713b5275210ed) Importer(815301076,1909f56bfc062723c751e8b465ee728b) (PreviewImporter) -> (artifact id: '9d1ae5f7fc374f6c4b9da02f4461a6a8') in 0.0043649 seconds
Number of updated asset objects reloaded before import = 0Number of asset objects unloaded after import = 0

========================================================================
Received Import Request.
  Time since last request: 0.761318 seconds.
  path: Assets/Data/Imports/VanillaLoopStudio/FreeSampleAnimationSet/Art/Animations/SurvivalSet/Mannequin
  artifactKey: Guid(3f06c39f94d0d3e45864c48cf9ab685a) Importer(815301076,1909f56bfc062723c751e8b465ee728b)
Start importing Assets/Data/Imports/VanillaLoopStudio/FreeSampleAnimationSet/Art/Animations/SurvivalSet/Mannequin using Guid(3f06c39f94d0d3e45864c48cf9ab685a) Importer(815301076,1909f56bfc062723c751e8b465ee728b) (PreviewImporter) -> (artifact id: '1eae265c4306528931c8e4819bb4798d') in 0.0010968 seconds
Number of updated asset objects reloaded before import = 0Number of asset objects unloaded after import = 0

========================================================================
Received Import Request.
  Time since last request: 0.578602 seconds.
  path: Assets/Data/Imports/VanillaLoopStudio/FreeSampleAnimationSet/Art/Animations/SurvivalSet/Mannequin/Flashlight
  artifactKey: Guid(959a5eef3048d734eb8193b77d8dbd1e) Importer(815301076,1909f56bfc062723c751e8b465ee728b)
Start importing Assets/Data/Imports/VanillaLoopStudio/FreeSampleAnimationSet/Art/Animations/SurvivalSet/Mannequin/Flashlight using Guid(959a5eef3048d734eb8193b77d8dbd1e) Importer(815301076,1909f56bfc062723c751e8b465ee728b) (PreviewImporter) -> (artifact id: 'fa55c8942a240913b39d6533c3ff6c99') in 0.0007517 seconds
Number of updated asset objects reloaded before import = 0Number of asset objects unloaded after import = 0

========================================================================
Received Import Request.
  Time since last request: 0.543867 seconds.
  path: Assets/Data/Imports/VanillaLoopStudio/FreeSampleAnimationSet/Art/Animations/SurvivalSet/Mannequin/Flashlight/Idle
  artifactKey: Guid(60616c452d505b44d9091510b3a295db) Importer(815301076,1909f56bfc062723c751e8b465ee728b)
Start importing Assets/Data/Imports/VanillaLoopStudio/FreeSampleAnimationSet/Art/Animations/SurvivalSet/Mannequin/Flashlight/Idle using Guid(60616c452d505b44d9091510b3a295db) Importer(815301076,1909f56bfc062723c751e8b465ee728b) (PreviewImporter) -> (artifact id: '0a813d11757013c12be65dc7b9bb9129') in 0.0007482 seconds
Number of updated asset objects reloaded before import = 0Number of asset objects unloaded after import = 0

========================================================================
Received Import Request.
  Time since last request: 0.634832 seconds.
  path: Assets/Data/Imports/VanillaLoopStudio/FreeSampleAnimationSet/Art/Animations/SurvivalSet/Mannequin/Flashlight/Idle/RightHand
  artifactKey: Guid(2f46eac6acdf50341bb7ecad2703a5bd) Importer(815301076,1909f56bfc062723c751e8b465ee728b)
Start importing Assets/Data/Imports/VanillaLoopStudio/FreeSampleAnimationSet/Art/Animations/SurvivalSet/Mannequin/Flashlight/Idle/RightHand using Guid(2f46eac6acdf50341bb7ecad2703a5bd) Importer(815301076,1909f56bfc062723c751e8b465ee728b) (PreviewImporter) -> (artifact id: 'cfb57b59bebf0af960a78195fbe1c2fd') in 0.0008504 seconds
Number of updated asset objects reloaded before import = 0Number of asset objects unloaded after import = 0

========================================================================
Received Import Request.
  Time since last request: 0.532480 seconds.
  path: Assets/Data/Imports/VanillaLoopStudio/FreeSampleAnimationSet/Art/Animations/SurvivalSet/Mannequin/Flashlight/Idle/RightHand/Type01
  artifactKey: Guid(6bc27156d05f136499b9ba310e0b055b) Importer(815301076,1909f56bfc062723c751e8b465ee728b)
Start importing Assets/Data/Imports/VanillaLoopStudio/FreeSampleAnimationSet/Art/Animations/SurvivalSet/Mannequin/Flashlight/Idle/RightHand/Type01 using Guid(6bc27156d05f136499b9ba310e0b055b) Importer(815301076,1909f56bfc062723c751e8b465ee728b) (PreviewImporter) -> (artifact id: '1bde6ae6b59cc194d07682b1100273d5') in 0.0010254 seconds
Number of updated asset objects reloaded before import = 0Number of asset objects unloaded after import = 0

========================================================================
Received Import Request.
  Time since last request: 0.630686 seconds.
  path: Assets/Data/Imports/VanillaLoopStudio/FreeSampleAnimationSet/Art/Animations/SurvivalSet/Mannequin/Flashlight/Idle/RightHand/Type01/A_Flashlight_Idle_01_R.fbx
  artifactKey: Guid(2e50cf0529cab3e429d7ada41765c2ec) Importer(815301076,1909f56bfc062723c751e8b465ee728b)
Start importing Assets/Data/Imports/VanillaLoopStudio/FreeSampleAnimationSet/Art/Animations/SurvivalSet/Mannequin/Flashlight/Idle/RightHand/Type01/A_Flashlight_Idle_01_R.fbx using Guid(2e50cf0529cab3e429d7ada41765c2ec) Importer(815301076,1909f56bfc062723c751e8b465ee728b) (PreviewImporter) -> (artifact id: 'efc4f89561d5d53121b723f4a184b1c8') in 0.0277287 seconds
Number of updated asset objects reloaded before import = 0Number of asset objects unloaded after import = 327

========================================================================
Received Import Request.
  Time since last request: 15.606065 seconds.
  path: Assets/Data/Imports/VanillaLoopStudio/FreeSampleAnimationSet/Art/Animations/FemaleLocomotionSet
  artifactKey: Guid(04ac1ca8d94eab74bba22a80a71532b8) Importer(815301076,1909f56bfc062723c751e8b465ee728b)
Start importing Assets/Data/Imports/VanillaLoopStudio/FreeSampleAnimationSet/Art/Animations/FemaleLocomotionSet using Guid(04ac1ca8d94eab74bba22a80a71532b8) Importer(815301076,1909f56bfc062723c751e8b465ee728b) (PreviewImporter) -> (artifact id: '93bd93f3faef809ad0ec8450d6c1a2e3') in 0.0016236 seconds
Number of updated asset objects reloaded before import = 0Number of asset objects unloaded after import = 0

========================================================================
Received Import Request.
  Time since last request: 0.923454 seconds.
  path: Assets/Data/Imports/VanillaLoopStudio/FreeSampleAnimationSet/Art/Animations/FemaleLocomotionSet/Mannequin
  artifactKey: Guid(6096e115cf942fc4b90ba54188265e3b) Importer(815301076,1909f56bfc062723c751e8b465ee728b)
Start importing Assets/Data/Imports/VanillaLoopStudio/FreeSampleAnimationSet/Art/Animations/FemaleLocomotionSet/Mannequin using Guid(6096e115cf942fc4b90ba54188265e3b) Importer(815301076,1909f56bfc062723c751e8b465ee728b) (PreviewImporter) -> (artifact id: 'ad42d78f92eadcee0eeaf9453dd164c7') in 0.0027295 seconds
Number of updated asset objects reloaded before import = 0Number of asset objects unloaded after import = 0

========================================================================
Received Import Request.
  Time since last request: 0.502669 seconds.
  path: Assets/Data/Imports/VanillaLoopStudio/FreeSampleAnimationSet/Art/Animations/FemaleLocomotionSet/Mannequin/RootMotion
  artifactKey: Guid(5ae12412ad4413747aadf41f845b509a) Importer(815301076,1909f56bfc062723c751e8b465ee728b)
Start importing Assets/Data/Imports/VanillaLoopStudio/FreeSampleAnimationSet/Art/Animations/FemaleLocomotionSet/Mannequin/RootMotion using Guid(5ae12412ad4413747aadf41f845b509a) Importer(815301076,1909f56bfc062723c751e8b465ee728b) (PreviewImporter) -> (artifact id: '5e5741cbfdca1c634a774c6a433d2c9f') in 0.0009552 seconds
Number of updated asset objects reloaded before import = 0Number of asset objects unloaded after import = 0

========================================================================
Received Import Request.
  Time since last request: 0.551622 seconds.
  path: Assets/Data/Imports/VanillaLoopStudio/FreeSampleAnimationSet/Art/Animations/FemaleLocomotionSet/Mannequin/RootMotion/A_JogFwd_Loop.fbx
  artifactKey: Guid(e19b8e7a108666f478d4ec2dceab25f7) Importer(815301076,1909f56bfc062723c751e8b465ee728b)
Start importing Assets/Data/Imports/VanillaLoopStudio/FreeSampleAnimationSet/Art/Animations/FemaleLocomotionSet/Mannequin/RootMotion/A_JogFwd_Loop.fbx using Guid(e19b8e7a108666f478d4ec2dceab25f7) Importer(815301076,1909f56bfc062723c751e8b465ee728b) (PreviewImporter) -> (artifact id: '2ddc75ea08385448410cd413dd9779cd') in 0.0146261 seconds
Number of updated asset objects reloaded before import = 0Number of asset objects unloaded after import = 323

========================================================================
Received Import Request.
  Time since last request: 1945.618672 seconds.
  path: Assets/Art/Animations/Humanoid/X Bot@Pulling Lever.fbx
  artifactKey: Guid(a5c6ec6d031c40540bdbeb1eb76afe63) Importer(815301076,1909f56bfc062723c751e8b465ee728b)
Start importing Assets/Art/Animations/Humanoid/X Bot@Pulling Lever.fbx using Guid(a5c6ec6d031c40540bdbeb1eb76afe63) Importer(815301076,1909f56bfc062723c751e8b465ee728b) (PreviewImporter) -> (artifact id: '76f76185538a76ee7b1a5573ab9d254c') in 0.0235994 seconds
Number of updated asset objects reloaded before import = 0Number of asset objects unloaded after import = 135

========================================================================
Received Import Request.
  Time since last request: 2227.278693 seconds.
  path: Assets/Data/AnimatorControllers/Humanoid.controller
  artifactKey: Guid(ae15404fa09381e42b9f77ea61bb470d) Importer(815301076,1909f56bfc062723c751e8b465ee728b)
Start importing Assets/Data/AnimatorControllers/Humanoid.controller using Guid(ae15404fa09381e42b9f77ea61bb470d) Importer(815301076,1909f56bfc062723c751e8b465ee728b) (PreviewImporter) -> (artifact id: '323c35b9e0a85c3ab879a532ab25119b') in 1.5324378 seconds
Number of updated asset objects reloaded before import = 0Number of asset objects unloaded after import = 440

========================================================================
Received Prepare
Refreshing native plugins compatible for Editor in 3.66 ms, found 4 plugins.
Preloading 0 native plugins for Editor in 0.00 ms.
Unloading 27 Unused Serialized files (Serialized files now loaded: 0)
Unloading 7774 unused Assets / (6.7 MB). Loaded Objects now: 8603.
Memory consumption went from 263.3 MB to 256.5 MB.
Total: 59.711700 ms (FindLiveObjects: 1.660700 ms CreateObjectMapping: 2.868700 ms MarkObjects: 51.206000 ms  DeleteObjects: 3.974500 ms)

Prepare: number of updated asset objects reloaded= 0
========================================================================
Received Prepare
Refreshing native plugins compatible for Editor in 3.62 ms, found 4 plugins.
Preloading 0 native plugins for Editor in 0.00 ms.
Unloading 27 Unused Serialized files (Serialized files now loaded: 0)
Unloading 7774 unused Assets / (7.7 MB). Loaded Objects now: 8603.
Memory consumption went from 263.3 MB to 255.6 MB.
Total: 20.273900 ms (FindLiveObjects: 1.459400 ms CreateObjectMapping: 1.882700 ms MarkObjects: 10.231200 ms  DeleteObjects: 6.699300 ms)

Prepare: number of updated asset objects reloaded= 0
========================================================================
Received Prepare
Begin MonoManager ReloadAssembly
- Loaded All Assemblies, in  2.856 seconds
Refreshing native plugins compatible for Editor in 2.68 ms, found 4 plugins.
Native extension for WindowsStandalone target not found
[MODES] ModeService[none].Initialize
[MODES] ModeService[none].LoadModes
Mono: successfully reloaded assembly
- Finished resetting the current domain, in  1.069 seconds
Domain Reload Profiling: 3922ms
	BeginReloadAssembly (447ms)
		ExecutionOrderSort (0ms)
		DisableScriptedObjects (20ms)
		BackupInstance (0ms)
		ReleaseScriptingObjects (0ms)
		CreateAndSetChildDomain (156ms)
	RebuildCommonClasses (52ms)
	RebuildNativeTypeToScriptingClass (15ms)
	initialDomainReloadingComplete (46ms)
	LoadAllAssembliesAndSetupDomain (2294ms)
		LoadAssemblies (2137ms)
		RebuildTransferFunctionScriptingTraits (0ms)
		AnalyzeDomain (311ms)
			TypeCache.Refresh (22ms)
				TypeCache.ScanAssembly (6ms)
			BuildScriptInfoCaches (262ms)
			ResolveRequiredComponents (17ms)
	FinalizeReload (1070ms)
		ReleaseScriptCaches (0ms)
		RebuildScriptCaches (0ms)
		SetupLoadedEditorAssemblies (782ms)
			LogAssemblyErrors (0ms)
			InitializePlatformSupportModulesInManaged (3ms)
			SetLoadedEditorAssemblies (5ms)
			BeforeProcessingInitializeOnLoad (167ms)
			ProcessInitializeOnLoadAttributes (450ms)
			ProcessInitializeOnLoadMethodAttributes (147ms)
			AfterProcessingInitializeOnLoad (9ms)
			EditorAssembliesLoaded (0ms)
		ExecutionOrderSort2 (0ms)
		AwakeInstancesAfterBackupRestoration (14ms)
Refreshing native plugins compatible for Editor in 3.43 ms, found 4 plugins.
Preloading 0 native plugins for Editor in 0.00 ms.
Unloading 37 Unused Serialized files (Serialized files now loaded: 0)
Unloading 7789 unused Assets / (7.8 MB). Loaded Objects now: 8618.
Memory consumption went from 278.5 MB to 270.7 MB.
Total: 14.485300 ms (FindLiveObjects: 1.467800 ms CreateObjectMapping: 1.150400 ms MarkObjects: 7.214500 ms  DeleteObjects: 4.650900 ms)

Prepare: number of updated asset objects reloaded= 0
========================================================================
Received Prepare
Begin MonoManager ReloadAssembly
- Loaded All Assemblies, in  1.230 seconds
Refreshing native plugins compatible for Editor in 3.85 ms, found 4 plugins.
Native extension for WindowsStandalone target not found
[MODES] ModeService[none].Initialize
[MODES] ModeService[none].LoadModes
Mono: successfully reloaded assembly
- Finished resetting the current domain, in  1.131 seconds
Domain Reload Profiling: 2356ms
	BeginReloadAssembly (300ms)
		ExecutionOrderSort (0ms)
		DisableScriptedObjects (6ms)
		BackupInstance (0ms)
		ReleaseScriptingObjects (0ms)
		CreateAndSetChildDomain (90ms)
	RebuildCommonClasses (57ms)
	RebuildNativeTypeToScriptingClass (12ms)
	initialDomainReloadingComplete (50ms)
	LoadAllAssembliesAndSetupDomain (804ms)
		LoadAssemblies (582ms)
		RebuildTransferFunctionScriptingTraits (0ms)
		AnalyzeDomain (363ms)
			TypeCache.Refresh (11ms)
				TypeCache.ScanAssembly (0ms)
			BuildScriptInfoCaches (331ms)
			ResolveRequiredComponents (16ms)
	FinalizeReload (1132ms)
		ReleaseScriptCaches (0ms)
		RebuildScriptCaches (0ms)
		SetupLoadedEditorAssemblies (852ms)
			LogAssemblyErrors (0ms)
			InitializePlatformSupportModulesInManaged (3ms)
			SetLoadedEditorAssemblies (5ms)
			BeforeProcessingInitializeOnLoad (185ms)
			ProcessInitializeOnLoadAttributes (483ms)
			ProcessInitializeOnLoadMethodAttributes (160ms)
			AfterProcessingInitializeOnLoad (15ms)
			EditorAssembliesLoaded (1ms)
		ExecutionOrderSort2 (0ms)
		AwakeInstancesAfterBackupRestoration (19ms)
Refreshing native plugins compatible for Editor in 4.23 ms, found 4 plugins.
Preloading 0 native plugins for Editor in 0.00 ms.
Unloading 27 Unused Serialized files (Serialized files now loaded: 0)
Unloading 7789 unused Assets / (7.7 MB). Loaded Objects now: 8620.
Memory consumption went from 276.9 MB to 269.2 MB.
Total: 14.722400 ms (FindLiveObjects: 1.273600 ms CreateObjectMapping: 1.573300 ms MarkObjects: 6.436100 ms  DeleteObjects: 5.437600 ms)

Prepare: number of updated asset objects reloaded= 0
========================================================================
Received Prepare
Begin MonoManager ReloadAssembly
- Loaded All Assemblies, in  1.551 seconds
Refreshing native plugins compatible for Editor in 3.79 ms, found 4 plugins.
Native extension for WindowsStandalone target not found
[MODES] ModeService[none].Initialize
[MODES] ModeService[none].LoadModes
Mono: successfully reloaded assembly
- Finished resetting the current domain, in  1.618 seconds
Domain Reload Profiling: 3162ms
	BeginReloadAssembly (479ms)
		ExecutionOrderSort (0ms)
		DisableScriptedObjects (7ms)
		BackupInstance (0ms)
		ReleaseScriptingObjects (0ms)
		CreateAndSetChildDomain (89ms)
	RebuildCommonClasses (70ms)
	RebuildNativeTypeToScriptingClass (22ms)
	initialDomainReloadingComplete (62ms)
	LoadAllAssembliesAndSetupDomain (912ms)
		LoadAssemblies (957ms)
		RebuildTransferFunctionScriptingTraits (0ms)
		AnalyzeDomain (264ms)
			TypeCache.Refresh (9ms)
				TypeCache.ScanAssembly (0ms)
			BuildScriptInfoCaches (233ms)
			ResolveRequiredComponents (17ms)
	FinalizeReload (1618ms)
		ReleaseScriptCaches (0ms)
		RebuildScriptCaches (0ms)
		SetupLoadedEditorAssemblies (1286ms)
			LogAssemblyErrors (0ms)
			InitializePlatformSupportModulesInManaged (3ms)
			SetLoadedEditorAssemblies (10ms)
			BeforeProcessingInitializeOnLoad (339ms)
			ProcessInitializeOnLoadAttributes (786ms)
			ProcessInitializeOnLoadMethodAttributes (137ms)
			AfterProcessingInitializeOnLoad (11ms)
			EditorAssembliesLoaded (1ms)
		ExecutionOrderSort2 (0ms)
		AwakeInstancesAfterBackupRestoration (14ms)
Refreshing native plugins compatible for Editor in 3.85 ms, found 4 plugins.
Preloading 0 native plugins for Editor in 0.00 ms.
Unloading 27 Unused Serialized files (Serialized files now loaded: 0)
Unloading 7789 unused Assets / (7.0 MB). Loaded Objects now: 8622.
Memory consumption went from 276.8 MB to 269.9 MB.
Total: 17.682100 ms (FindLiveObjects: 1.431900 ms CreateObjectMapping: 1.376600 ms MarkObjects: 10.054100 ms  DeleteObjects: 4.817600 ms)

Prepare: number of updated asset objects reloaded= 0
========================================================================
Received Import Request.
  Time since last request: 1975.865050 seconds.
  path: Assets/Art/Animations/Humanoid/X Bot@Pulling Lever.fbx
  artifactKey: Guid(a5c6ec6d031c40540bdbeb1eb76afe63) Importer(815301076,1909f56bfc062723c751e8b465ee728b)
Start importing Assets/Art/Animations/Humanoid/X Bot@Pulling Lever.fbx using Guid(a5c6ec6d031c40540bdbeb1eb76afe63) Importer(815301076,1909f56bfc062723c751e8b465ee728b) (PreviewImporter) -> (artifact id: '0a97b00b8b3c54d577c7dd3d0e184901') in 0.5847643 seconds
Number of updated asset objects reloaded before import = 0Number of asset objects unloaded after import = 137

========================================================================
Received Prepare
Begin MonoManager ReloadAssembly
- Loaded All Assemblies, in  1.824 seconds
Refreshing native plugins compatible for Editor in 5.62 ms, found 4 plugins.
Native extension for WindowsStandalone target not found
[MODES] ModeService[none].Initialize
[MODES] ModeService[none].LoadModes
Mono: successfully reloaded assembly
- Finished resetting the current domain, in  1.852 seconds
Domain Reload Profiling: 3670ms
	BeginReloadAssembly (362ms)
		ExecutionOrderSort (0ms)
		DisableScriptedObjects (11ms)
		BackupInstance (0ms)
		ReleaseScriptingObjects (0ms)
		CreateAndSetChildDomain (110ms)
	RebuildCommonClasses (196ms)
	RebuildNativeTypeToScriptingClass (23ms)
	initialDomainReloadingComplete (67ms)
	LoadAllAssembliesAndSetupDomain (1169ms)
		LoadAssemblies (872ms)
		RebuildTransferFunctionScriptingTraits (0ms)
		AnalyzeDomain (458ms)
			TypeCache.Refresh (12ms)
				TypeCache.ScanAssembly (0ms)
			BuildScriptInfoCaches (392ms)
			ResolveRequiredComponents (38ms)
	FinalizeReload (1853ms)
		ReleaseScriptCaches (0ms)
		RebuildScriptCaches (0ms)
		SetupLoadedEditorAssemblies (1152ms)
			LogAssemblyErrors (0ms)
			InitializePlatformSupportModulesInManaged (3ms)
			SetLoadedEditorAssemblies (8ms)
			BeforeProcessingInitializeOnLoad (182ms)
			ProcessInitializeOnLoadAttributes (664ms)
			ProcessInitializeOnLoadMethodAttributes (276ms)
			AfterProcessingInitializeOnLoad (19ms)
			EditorAssembliesLoaded (1ms)
		ExecutionOrderSort2 (0ms)
		AwakeInstancesAfterBackupRestoration (37ms)
Refreshing native plugins compatible for Editor in 6.08 ms, found 4 plugins.
Preloading 0 native plugins for Editor in 0.00 ms.
Unloading 27 Unused Serialized files (Serialized files now loaded: 0)
Unloading 7789 unused Assets / (7.1 MB). Loaded Objects now: 8624.
Memory consumption went from 278.8 MB to 271.7 MB.
Total: 24.796400 ms (FindLiveObjects: 2.075400 ms CreateObjectMapping: 4.562400 ms MarkObjects: 10.589700 ms  DeleteObjects: 7.566700 ms)

Prepare: number of updated asset objects reloaded= 0
========================================================================
Received Prepare
Refreshing native plugins compatible for Editor in 3.39 ms, found 4 plugins.
Preloading 0 native plugins for Editor in 0.00 ms.
Unloading 27 Unused Serialized files (Serialized files now loaded: 0)
Unloading 7775 unused Assets / (7.7 MB). Loaded Objects now: 8625.
Memory consumption went from 278.9 MB to 271.2 MB.
Total: 38.629800 ms (FindLiveObjects: 1.824700 ms CreateObjectMapping: 1.893300 ms MarkObjects: 28.706600 ms  DeleteObjects: 6.203400 ms)

Prepare: number of updated asset objects reloaded= 0
========================================================================
Received Import Request.
  Time since last request: 2965.219816 seconds.
  path: Assets/Scripts/Interactables/LadderInteractable.cs
  artifactKey: Guid(0f9755c7b331b41469c7319963d61281) Importer(815301076,1909f56bfc062723c751e8b465ee728b)
Start importing Assets/Scripts/Interactables/LadderInteractable.cs using Guid(0f9755c7b331b41469c7319963d61281) Importer(815301076,1909f56bfc062723c751e8b465ee728b) (PreviewImporter) -> (artifact id: '1123e82f1690ea5902f0f6de055ff91f') in 0.1125401 seconds
Number of updated asset objects reloaded before import = 0Number of asset objects unloaded after import = 0

========================================================================
Received Prepare
Begin MonoManager ReloadAssembly
- Loaded All Assemblies, in  1.088 seconds
Refreshing native plugins compatible for Editor in 2.73 ms, found 4 plugins.
Native extension for WindowsStandalone target not found
[MODES] ModeService[none].Initialize
[MODES] ModeService[none].LoadModes
Mono: successfully reloaded assembly
- Finished resetting the current domain, in  0.945 seconds
Domain Reload Profiling: 2028ms
	BeginReloadAssembly (299ms)
		ExecutionOrderSort (0ms)
		DisableScriptedObjects (9ms)
		BackupInstance (0ms)
		ReleaseScriptingObjects (0ms)
		CreateAndSetChildDomain (102ms)
	RebuildCommonClasses (36ms)
	RebuildNativeTypeToScriptingClass (11ms)
	initialDomainReloadingComplete (37ms)
	LoadAllAssembliesAndSetupDomain (699ms)
		LoadAssemblies (554ms)
		RebuildTransferFunctionScriptingTraits (0ms)
		AnalyzeDomain (270ms)
			TypeCache.Refresh (17ms)
				TypeCache.ScanAssembly (3ms)
			BuildScriptInfoCaches (234ms)
			ResolveRequiredComponents (13ms)
	FinalizeReload (946ms)
		ReleaseScriptCaches (0ms)
		RebuildScriptCaches (0ms)
		SetupLoadedEditorAssemblies (710ms)
			LogAssemblyErrors (0ms)
			InitializePlatformSupportModulesInManaged (3ms)
			SetLoadedEditorAssemblies (7ms)
			BeforeProcessingInitializeOnLoad (160ms)
			ProcessInitializeOnLoadAttributes (409ms)
			ProcessInitializeOnLoadMethodAttributes (124ms)
			AfterProcessingInitializeOnLoad (8ms)
			EditorAssembliesLoaded (0ms)
		ExecutionOrderSort2 (0ms)
		AwakeInstancesAfterBackupRestoration (12ms)
Refreshing native plugins compatible for Editor in 3.14 ms, found 4 plugins.
Preloading 0 native plugins for Editor in 0.00 ms.
Unloading 27 Unused Serialized files (Serialized files now loaded: 0)
Unloading 7790 unused Assets / (8.1 MB). Loaded Objects now: 8627.
Memory consumption went from 278.8 MB to 270.7 MB.
Total: 14.810800 ms (FindLiveObjects: 1.433100 ms CreateObjectMapping: 1.018000 ms MarkObjects: 5.135900 ms  DeleteObjects: 7.222800 ms)

Prepare: number of updated asset objects reloaded= 0
========================================================================
Received Prepare
Refreshing native plugins compatible for Editor in 4.06 ms, found 4 plugins.
Preloading 0 native plugins for Editor in 0.00 ms.
Unloading 27 Unused Serialized files (Serialized files now loaded: 0)
Unloading 7775 unused Assets / (7.5 MB). Loaded Objects now: 8627.
Memory consumption went from 278.9 MB to 271.4 MB.
Total: 17.930000 ms (FindLiveObjects: 1.910200 ms CreateObjectMapping: 1.678800 ms MarkObjects: 8.702900 ms  DeleteObjects: 5.636100 ms)

Prepare: number of updated asset objects reloaded= 0
========================================================================
Received Import Request.
  Time since last request: 54.037982 seconds.
  path: Assets/Scripts/Interactables/LadderInteractable.cs
  artifactKey: Guid(0f9755c7b331b41469c7319963d61281) Importer(815301076,1909f56bfc062723c751e8b465ee728b)
Start importing Assets/Scripts/Interactables/LadderInteractable.cs using Guid(0f9755c7b331b41469c7319963d61281) Importer(815301076,1909f56bfc062723c751e8b465ee728b) (PreviewImporter) -> (artifact id: '86104ad38f99a66b67274cad232c96ea') in 0.0401157 seconds
Number of updated asset objects reloaded before import = 0Number of asset objects unloaded after import = 0

========================================================================
Received Prepare
Begin MonoManager ReloadAssembly
- Loaded All Assemblies, in  1.023 seconds
Refreshing native plugins compatible for Editor in 4.20 ms, found 4 plugins.
Native extension for WindowsStandalone target not found
[MODES] ModeService[none].Initialize
[MODES] ModeService[none].LoadModes
Mono: successfully reloaded assembly
- Finished resetting the current domain, in  1.002 seconds
Domain Reload Profiling: 2022ms
	BeginReloadAssembly (261ms)
		ExecutionOrderSort (0ms)
		DisableScriptedObjects (8ms)
		BackupInstance (0ms)
		ReleaseScriptingObjects (0ms)
		CreateAndSetChildDomain (75ms)
	RebuildCommonClasses (51ms)
	RebuildNativeTypeToScriptingClass (15ms)
	initialDomainReloadingComplete (41ms)
	LoadAllAssembliesAndSetupDomain (651ms)
		LoadAssemblies (499ms)
		RebuildTransferFunctionScriptingTraits (0ms)
		AnalyzeDomain (268ms)
			TypeCache.Refresh (16ms)
				TypeCache.ScanAssembly (4ms)
			BuildScriptInfoCaches (230ms)
			ResolveRequiredComponents (18ms)
	FinalizeReload (1003ms)
		ReleaseScriptCaches (0ms)
		RebuildScriptCaches (0ms)
		SetupLoadedEditorAssemblies (750ms)
			LogAssemblyErrors (0ms)
			InitializePlatformSupportModulesInManaged (3ms)
			SetLoadedEditorAssemblies (6ms)
			BeforeProcessingInitializeOnLoad (165ms)
			ProcessInitializeOnLoadAttributes (431ms)
			ProcessInitializeOnLoadMethodAttributes (135ms)
			AfterProcessingInitializeOnLoad (9ms)
			EditorAssembliesLoaded (1ms)
		ExecutionOrderSort2 (0ms)
		AwakeInstancesAfterBackupRestoration (16ms)
Refreshing native plugins compatible for Editor in 3.01 ms, found 4 plugins.
Preloading 0 native plugins for Editor in 0.00 ms.
Unloading 27 Unused Serialized files (Serialized files now loaded: 0)
Unloading 7790 unused Assets / (8.0 MB). Loaded Objects now: 8629.
Memory consumption went from 278.8 MB to 270.8 MB.
Total: 16.949500 ms (FindLiveObjects: 1.198000 ms CreateObjectMapping: 1.144000 ms MarkObjects: 8.888000 ms  DeleteObjects: 5.718400 ms)

Prepare: number of updated asset objects reloaded= 0
